#-----------------------------------------------------------
# Vivado v2023.1 (64-bit)
# SW Build 3865809 on Sun May  7 15:05:29 MDT 2023
# IP Build 3864474 on Sun May  7 20:36:21 MDT 2023
# SharedData Build 3865790 on Sun May 07 13:33:03 MDT 2023
# Start of session at: Thu Aug 15 10:36:55 2024
# Process ID: 10280
# Current directory: C:/Users/shen/Downloads/project_33/project_33.runs/mpsoc_preset_zynq_ultra_ps_e_0_0_synth_1
# Command line: vivado.exe -log mpsoc_preset_zynq_ultra_ps_e_0_0.vds -product Vivado -mode batch -messageDb vivado.pb -notrace -source mpsoc_preset_zynq_ultra_ps_e_0_0.tcl
# Log file: C:/Users/shen/Downloads/project_33/project_33.runs/mpsoc_preset_zynq_ultra_ps_e_0_0_synth_1/mpsoc_preset_zynq_ultra_ps_e_0_0.vds
# Journal file: C:/Users/shen/Downloads/project_33/project_33.runs/mpsoc_preset_zynq_ultra_ps_e_0_0_synth_1\vivado.jou
# Running On: DESKTOP-S07ATB7, OS: Windows, CPU Frequency: 2112 MHz, CPU Physical cores: 12, Host memory: 34059 MB
#-----------------------------------------------------------
source mpsoc_preset_zynq_ultra_ps_e_0_0.tcl -notrace
